// Jest Snapshot v1, https://goo.gl/fbAQLP

exports[`<TabOption /> should render TabOption 1`] = `
<View
  accessibilityLabel=""
  accessible={true}
  isTVSelectable={true}
  onResponderGrant={[Function]}
  onResponderMove={[Function]}
  onResponderRelease={[Function]}
  onResponderTerminate={[Function]}
  onResponderTerminationRequest={[Function]}
  onStartShouldSetResponder={[Function]}
  style={
    Object {
      "alignItems": "center",
      "backgroundColor": "white",
      "borderColor": "#0076FF",
      "borderWidth": 1,
      "flex": 1,
      "justifyContent": "center",
      "opacity": 1,
      "paddingVertical": 5,
    }
  }
  testID=""
>
  <View
    style={
      Object {
        "flexDirection": "row",
      }
    }
  >
    <Text
      allowFontScaling={false}
      ellipsizeMode="tail"
      numberOfLines={1}
      style={
        Array [
          Object {
            "color": "#0076FF",
          },
          Object {},
          Object {},
        ]
      }
    >
      Tab value
    </Text>
  </View>
</View>
`;
